

================================================================
== Vivado HLS Report for 'decision_function_90'
================================================================
* Date:           Mon Dec 11 23:07:48 2023

* Version:        2019.1 (Build 2552052 on Fri May 24 15:28:33 MDT 2019)
* Project:        Final_HLS
* Solution:       solution1
* Product family: zynq
* Target device:  xc7z020-clg400-1


================================================================
== Performance Estimates
================================================================
+ Timing (ns): 
    * Summary: 
    +--------+-------+----------+------------+
    |  Clock | Target| Estimated| Uncertainty|
    +--------+-------+----------+------------+
    |ap_clk  |  10.00|     8.686|        1.25|
    +--------+-------+----------+------------+

+ Latency (clock cycles): 
    * Summary: 
    +-----+-----+-----+-----+---------+
    |  Latency  |  Interval | Pipeline|
    | min | max | min | max |   Type  |
    +-----+-----+-----+-----+---------+
    |  491|  491|  491|  491|   none  |
    +-----+-----+-----+-----+---------+

    + Detail: 
        * Instance: 
        +-----------------------+-------------+-----+-----+-----+-----+---------+
        |                       |             |  Latency  |  Interval | Pipeline|
        |        Instance       |    Module   | min | max | min | max |   Type  |
        +-----------------------+-------------+-----+-----+-----+-----+---------+
        |grp_tree_scores_fu_44  |tree_scores  |  399|  399|  399|  399|   none  |
        +-----------------------+-------------+-----+-----+-----+-----+---------+

        * Loop: 
        +----------+-----+-----+----------+-----------+-----------+------+----------+
        |          |  Latency  | Iteration|  Initiation Interval  | Trip |          |
        | Loop Name| min | max |  Latency |  achieved |   target  | Count| Pipelined|
        +----------+-----+-----+----------+-----------+-----------+------+----------+
        |- Trees   |   90|   90|         1|          -|          -|    90|    no    |
        +----------+-----+-----+----------+-----------+-----------+------+----------+



================================================================
== Utilization Estimates
================================================================
* Summary: 
+-----------------+---------+-------+--------+-------+-----+
|       Name      | BRAM_18K| DSP48E|   FF   |  LUT  | URAM|
+-----------------+---------+-------+--------+-------+-----+
|DSP              |        -|      -|       -|      -|    -|
|Expression       |        -|      -|       0|     38|    -|
|FIFO             |        -|      -|       -|      -|    -|
|Instance         |        -|      -|    3563|  64176|    -|
|Memory           |        -|      -|       -|      -|    -|
|Multiplexer      |        -|      -|       -|     48|    -|
|Register         |        -|      -|    1115|      -|    -|
+-----------------+---------+-------+--------+-------+-----+
|Total            |        0|      0|    4678|  64262|    0|
+-----------------+---------+-------+--------+-------+-----+
|Available        |      280|    220|  106400|  53200|    0|
+-----------------+---------+-------+--------+-------+-----+
|Utilization (%)  |        0|      0|       4|    120|    0|
+-----------------+---------+-------+--------+-------+-----+

+ Detail: 
    * Instance: 
    +---------------------------+----------------------+---------+-------+------+-------+-----+
    |          Instance         |        Module        | BRAM_18K| DSP48E|  FF  |  LUT  | URAM|
    +---------------------------+----------------------+---------+-------+------+-------+-----+
    |my_prj_acceleratoeOg_U228  |my_prj_acceleratoeOg  |        0|      0|     0|    457|    0|
    |grp_tree_scores_fu_44      |tree_scores           |        0|      0|  3563|  63719|    0|
    +---------------------------+----------------------+---------+-------+------+-------+-----+
    |Total                      |                      |        0|      0|  3563|  64176|    0|
    +---------------------------+----------------------+---------+-------+------+-------+-----+

    * DSP48E: 
    N/A

    * Memory: 
    N/A

    * FIFO: 
    N/A

    * Expression: 
    +----------------------+----------+-------+---+----+------------+------------+
    |     Variable Name    | Operation| DSP48E| FF| LUT| Bitwidth P0| Bitwidth P1|
    +----------------------+----------+-------+---+----+------------+------------+
    |add_ln703_fu_518_p2   |     +    |      0|  0|  12|          12|          12|
    |i_fu_416_p2           |     +    |      0|  0|  15|           7|           1|
    |icmp_ln113_fu_410_p2  |   icmp   |      0|  0|  11|           7|           7|
    +----------------------+----------+-------+---+----+------------+------------+
    |Total                 |          |      0|  0|  38|          26|          20|
    +----------------------+----------+-------+---+----+------------+------------+

    * Multiplexer: 
    +--------------------+----+-----------+-----+-----------+
    |        Name        | LUT| Input Size| Bits| Total Bits|
    +--------------------+----+-----------+-----+-----------+
    |ap_NS_fsm           |  21|          4|    1|          4|
    |ap_return           |   9|          2|   12|         24|
    |i_0_reg_33          |   9|          2|    7|         14|
    |score_V_0_0_reg_22  |   9|          2|   12|         24|
    +--------------------+----+-----------+-----+-----------+
    |Total               |  48|         10|   32|         66|
    +--------------------+----+-----------+-----+-----------+

    * Register: 
    +------------------------------------+----+----+-----+-----------+
    |                Name                | FF | LUT| Bits| Const Bits|
    +------------------------------------+----+----+-----+-----------+
    |ap_CS_fsm                           |   3|   0|    3|          0|
    |ap_return_preg                      |  12|   0|   12|          0|
    |grp_tree_scores_fu_44_ap_start_reg  |   1|   0|    1|          0|
    |i_0_reg_33                          |   7|   0|    7|          0|
    |score_V_0_0_reg_22                  |  12|   0|   12|          0|
    |scores_10_reg_579                   |  12|   0|   12|          0|
    |scores_11_reg_584                   |  12|   0|   12|          0|
    |scores_12_reg_589                   |  12|   0|   12|          0|
    |scores_13_reg_594                   |  12|   0|   12|          0|
    |scores_14_reg_599                   |  12|   0|   12|          0|
    |scores_15_reg_604                   |  12|   0|   12|          0|
    |scores_16_reg_609                   |  12|   0|   12|          0|
    |scores_17_reg_614                   |  12|   0|   12|          0|
    |scores_18_reg_619                   |  12|   0|   12|          0|
    |scores_19_reg_624                   |  12|   0|   12|          0|
    |scores_1_reg_529                    |  12|   0|   12|          0|
    |scores_20_reg_629                   |  12|   0|   12|          0|
    |scores_21_reg_634                   |  12|   0|   12|          0|
    |scores_22_reg_639                   |  12|   0|   12|          0|
    |scores_23_reg_644                   |  12|   0|   12|          0|
    |scores_24_reg_649                   |  12|   0|   12|          0|
    |scores_25_reg_654                   |  12|   0|   12|          0|
    |scores_26_reg_659                   |  12|   0|   12|          0|
    |scores_27_reg_664                   |  12|   0|   12|          0|
    |scores_28_reg_669                   |  12|   0|   12|          0|
    |scores_29_reg_674                   |  12|   0|   12|          0|
    |scores_2_reg_534                    |  12|   0|   12|          0|
    |scores_30_reg_679                   |  12|   0|   12|          0|
    |scores_31_reg_684                   |  12|   0|   12|          0|
    |scores_32_reg_689                   |  12|   0|   12|          0|
    |scores_33_reg_694                   |  12|   0|   12|          0|
    |scores_34_reg_699                   |  12|   0|   12|          0|
    |scores_35_reg_704                   |  12|   0|   12|          0|
    |scores_36_reg_709                   |  12|   0|   12|          0|
    |scores_37_reg_714                   |  12|   0|   12|          0|
    |scores_38_reg_719                   |  12|   0|   12|          0|
    |scores_39_reg_724                   |  12|   0|   12|          0|
    |scores_3_reg_539                    |  12|   0|   12|          0|
    |scores_40_reg_729                   |  12|   0|   12|          0|
    |scores_41_reg_734                   |  12|   0|   12|          0|
    |scores_42_reg_739                   |  12|   0|   12|          0|
    |scores_43_reg_744                   |  12|   0|   12|          0|
    |scores_44_reg_749                   |  12|   0|   12|          0|
    |scores_45_reg_754                   |  12|   0|   12|          0|
    |scores_46_reg_759                   |  12|   0|   12|          0|
    |scores_47_reg_764                   |  12|   0|   12|          0|
    |scores_48_reg_769                   |  12|   0|   12|          0|
    |scores_49_reg_774                   |  12|   0|   12|          0|
    |scores_4_reg_544                    |  12|   0|   12|          0|
    |scores_50_reg_779                   |  12|   0|   12|          0|
    |scores_51_reg_784                   |  12|   0|   12|          0|
    |scores_52_reg_789                   |  12|   0|   12|          0|
    |scores_53_reg_794                   |  12|   0|   12|          0|
    |scores_54_reg_799                   |  12|   0|   12|          0|
    |scores_55_reg_804                   |  12|   0|   12|          0|
    |scores_56_reg_809                   |  12|   0|   12|          0|
    |scores_57_reg_814                   |  12|   0|   12|          0|
    |scores_58_reg_819                   |  12|   0|   12|          0|
    |scores_59_reg_824                   |  12|   0|   12|          0|
    |scores_5_reg_549                    |  12|   0|   12|          0|
    |scores_60_reg_829                   |  12|   0|   12|          0|
    |scores_61_reg_834                   |  12|   0|   12|          0|
    |scores_62_reg_839                   |  12|   0|   12|          0|
    |scores_63_reg_844                   |  12|   0|   12|          0|
    |scores_64_reg_849                   |  12|   0|   12|          0|
    |scores_65_reg_854                   |  12|   0|   12|          0|
    |scores_66_reg_859                   |  12|   0|   12|          0|
    |scores_67_reg_864                   |  12|   0|   12|          0|
    |scores_68_reg_869                   |  12|   0|   12|          0|
    |scores_69_reg_874                   |  12|   0|   12|          0|
    |scores_6_reg_554                    |  12|   0|   12|          0|
    |scores_70_reg_879                   |  12|   0|   12|          0|
    |scores_71_reg_884                   |  12|   0|   12|          0|
    |scores_72_reg_889                   |  12|   0|   12|          0|
    |scores_73_reg_894                   |  12|   0|   12|          0|
    |scores_74_reg_899                   |  12|   0|   12|          0|
    |scores_75_reg_904                   |  12|   0|   12|          0|
    |scores_76_reg_909                   |  12|   0|   12|          0|
    |scores_77_reg_914                   |  12|   0|   12|          0|
    |scores_78_reg_919                   |  12|   0|   12|          0|
    |scores_79_reg_924                   |  12|   0|   12|          0|
    |scores_7_reg_559                    |  12|   0|   12|          0|
    |scores_80_reg_929                   |  12|   0|   12|          0|
    |scores_81_reg_934                   |  12|   0|   12|          0|
    |scores_82_reg_939                   |  12|   0|   12|          0|
    |scores_83_reg_944                   |  12|   0|   12|          0|
    |scores_84_reg_949                   |  12|   0|   12|          0|
    |scores_85_reg_954                   |  12|   0|   12|          0|
    |scores_86_reg_959                   |  12|   0|   12|          0|
    |scores_87_reg_964                   |  12|   0|   12|          0|
    |scores_88_reg_969                   |  12|   0|   12|          0|
    |scores_8_reg_564                    |  12|   0|   12|          0|
    |scores_9_reg_569                    |  12|   0|   12|          0|
    |scores_reg_524                      |  12|   0|   12|          0|
    |scores_s_reg_574                    |  12|   0|   12|          0|
    +------------------------------------+----+----+-----+-----------+
    |Total                               |1115|   0| 1115|          0|
    +------------------------------------+----+----+-----+-----------+



================================================================
== Interface
================================================================
* Summary: 
+--------------+-----+-----+------------+----------------------+--------------+
|   RTL Ports  | Dir | Bits|  Protocol  |     Source Object    |    C Type    |
+--------------+-----+-----+------------+----------------------+--------------+
|ap_clk        |  in |    1| ap_ctrl_hs | decision_function.90 | return value |
|ap_rst        |  in |    1| ap_ctrl_hs | decision_function.90 | return value |
|ap_start      |  in |    1| ap_ctrl_hs | decision_function.90 | return value |
|ap_done       | out |    1| ap_ctrl_hs | decision_function.90 | return value |
|ap_idle       | out |    1| ap_ctrl_hs | decision_function.90 | return value |
|ap_ready      | out |    1| ap_ctrl_hs | decision_function.90 | return value |
|ap_return     | out |   12| ap_ctrl_hs | decision_function.90 | return value |
|x_V_address0  | out |    4|  ap_memory |          x_V         |     array    |
|x_V_ce0       | out |    1|  ap_memory |          x_V         |     array    |
|x_V_q0        |  in |   12|  ap_memory |          x_V         |     array    |
|x_V_address1  | out |    4|  ap_memory |          x_V         |     array    |
|x_V_ce1       | out |    1|  ap_memory |          x_V         |     array    |
|x_V_q1        |  in |   12|  ap_memory |          x_V         |     array    |
+--------------+-----+-----+------------+----------------------+--------------+

